---
source: zellij-server/src/./unit/screen_tests.rs
expression: "normalize_layout_debug(format!(\"{:#?}\", new_tab_action))"
---
Some(
    NewTab(
        Some(
            ".",
        ),
        None,
        None,
        [],
        1,
        2,
        None,
        false,
        true,
        (
            10,
            false,
        ),
        Some(
            NotificationEnd {
                channel: None,
                resolution: Some(
                    Pending,
                ),
                exit_status: None,
                unblock_condition: None,
                affected_pane_id: None,
                affected_tab_id: None,
                error_message: None,
                stdout_message: None,
            },
        ),
        None,
    ),
)
