---
source: src/tests/e2e/cases.rs
expression: second_runner_snapshot
---
          𝚅𝚒𝚋𝚎𝚌𝚛𝚊𝚏𝚝𝚎𝚍. (multiple_users_in_same_pane_and_tab)   ◉ Tab #1 [ ]                           
SESSIONS 1 · multiple_us┌ Pane #1 ─────────────────────────────┤ MY FOCUS AND:   ├─────────────────────────────────────┐
01 ◉ multiple_users_in_s│$ █                                                                                           │
   ◉ Tab #1 · terminal  │                                                                                              │
                        │                                                                                              │
                        │                                                                                              │
                        │                                                                                              │
                        │                                                                                              │
                        │                                                                                              │
                        │                                                                                              │
                        │                                                                                              │
                        │                                                                                              │
                        │                                                                                              │
                        │                                                                                              │
                        │                                                                                              │
                        │                                                                                              │
                        │                                                                                              │
                        │                                                                                              │
                        │                                                                                              │
                        │                                                                                              │
 f ○   ? · final        │                                                                                              │
 x ○   ? · fail         │                                                                                              │
 n ○   ? · needs        └──────────────────────────────────────────────────────────────────────────────────────────────┘
                                                        ...
