---
source: src/tests/e2e/cases.rs
expression: first_runner_snapshot
---
        𝚅𝚒𝚋𝚎𝚌𝚛𝚊𝚏𝚝𝚎𝚍.    ⎮  ▷ N   ◉ Start here    ○ Shell                            ✍ Composer     · ❯_ Quick cmd       
SESSIONS 1 · mirrored_se┌ Start here — map of this workspace ──────────────────────────────────────────────────────────┐
01 ◉ mirrored_sessions  │                                                                                              │
                        │                                                                                              │
                        │                                                                                              │
                        │                                                                                              │
                        │                                                                                              │
                        │                                                                                              │
                        │                                                                                              │
                        │                                                                                              │
                        │                                                                                              │
                        │                                                                                              │
                        │                                                                                              │
                        │                                                                                              │
                        │                                                                                              │
                        │                                                                                              │
                        │                                                                                              │
                        │                                                                                              │
                        │                                                                                              │
                        │                                                                                              │
                        │                                                                                              │
                        │                                                                                              │
                        └──────────────────────────────────────────────────────────────────────────────────────────────┘
 ⌃g  LOCK  ⌃p  PANE  ⌃t  TAB  ⌃n  RESIZE  ⌃h  MOVE  ⌃s  SEARCH  ⌃o  SESSION                    ...  BASE
