---
source: src/tests/e2e/cases.rs
expression: first_runner_snapshot
---
                                                                                                                        
SESSIONS 1 · mirrored_se┌ Pane #1 ─────────────────────────────────────────────────────────────────────────────────────┐
01 ◉ mirrored_sessions  │$ █                                                                                           │
   ◉ Tab #1 · terminal  │                                                                                              │
                        │                                                                                              │
                        │                                                                                              │
                        │                                                                                              │
                        │                                                                                              │
                        │                                                                                              │
                        │                                                                                              │
                        │                                                                                              │
                        │                                                                                              │
                        │                                                                                              │
                        │                                                                                              │
                        │                                                                                              │
                        │                                                                                              │
                        │                                                                                              │
                        │                                                                                              │
                        │                                                                                              │
                        │                                                                                              │
 f ○   ? · final        │                                                                                              │
 x ○   ? · fail         │                                                                                              │
 n ○   ? · needs        └──────────────────────────────────────────────────────────────────────────────────────────────┘
                                                        ...
