---
source: src/tests/e2e/cases.rs
expression: main_client_snapshot
---
          𝚅𝚒𝚋𝚎𝚌𝚛𝚊𝚏𝚝𝚎𝚍. (watcher_client_functionality)   ◉ shell [ ]                                   
SESSIONS 1 · watcher_cli┌ Pane #1 ─────────────────────────────┤ MY FOCUS AND:   ├─────────────────────────────────────┐
01 ◉ watcher_client_func│$ █                                                                                           │
   ◉ shell · terminal   │                                                                                              │
                        │                                                                                              │
                        │                                                                                              │
                        │                                                                                              │
                        │                                                                                              │
                        │                                                                                              │
                        │                                                                                              │
                        │                                                                                              │
                        │                                                                                              │
                        │                                                                                              │
                        │                                                                                              │
                        │                                                                                              │
                        │                                                                                              │
                        │                                                                                              │
                        │                                                                                              │
                        │                                                                                              │
                        │                                                                                              │
 f ○   ? · final        │                                                                                              │
 x ○   ? · fail         │                                                                                              │
 n ○   ? · needs        └──────────────────────────────────────────────────────────────────────────────────────────────┘
                                                         ...
