---
source: src/tests/e2e/cases.rs
expression: second_runner_snapshot
---
          𝚅𝚒𝚋𝚎𝚌𝚛𝚊𝚏𝚝𝚎𝚍. (mirrored_sessions)   ◉ Tab #1                                                 
SESSIONS 1 · mirrored_se┌ Pane #1 ─────────────────────────────────────────────────────────────────────────────────────┐
01 ◉ mirrored_sessions  │$ █                                                                                           │
   ◉ Tab #1 · terminal  │                                                                                              │
                        │                                                                                              │
                        │                                                                                              │
                        │                                                                                              │
                        │                                                                                              │
                        │                                                                                              │
                        │                                                                                              │
                        │                                                                                              │
                        │                                                                                              │
                        │                                                                                              │
                        │                                                                                              │
                        │                                                                                              │
                        │                                                                                              │
                        │                                                                                              │
                        │                                                                                              │
                        │                                                                                              │
                        │                                                                                              │
 f ○   ? · final        │                                                                                              │
 x ○   ? · fail         │                                                                                              │
 n ○   ? · needs        └──────────────────────────────────────────────────────────────────────────────────────────────┘
                                                        ...
