---
source: src/tests/e2e/cases.rs
expression: last_snapshot
---
┌ Pane #1 ─────────────────────────────────────────────────────────────────────────────────────────────────────────────┐
│$ /usr/src/zellij/zellij action override-layout compact                                                               │
│$                                                                                                                     │
│$ █                                                                                                                   │
│                                                                                                                      │
│                                                                                                                      │
│                                                                                                                      │
│                                                                                                                      │
│                                                                                                                      │
│                                                                                                                      │
│                                                                                                                      │
│                                                                                                                      │
│                                                                                                                      │
│                                                                                                                      │
│                                                                                                                      │
│                                                                                                                      │
│                                                                                                                      │
│                                                                                                                      │
│                                                                                                                      │
│                                                                                                                      │
│                                                                                                                      │
│                                                                                                                      │
└──────────────────────────────────────────────────────────────────────────────────────────────────────────────────────┘
 𝚅𝚒𝚋𝚎𝚌𝚛𝚊𝚏𝚝𝚎𝚍. (e2e-test) NORMAL  Tab #1                                                                                     
